// Jest Snapshot v1, https://goo.gl/fbAQLP

exports[`Switch should render 1`] = `
<WithStyles(FormGroup)
  row={true}
>
  <WithStyles(FormControlLabel)
    control={
      <WithStyles(Switch)
        color="primary"
        id="switch"
        onChange={[Function]}
        value="checkedA"
      />
    }
    label="Show filters"
  />
</WithStyles(FormGroup)>
`;
